
> darkpost@0.1.0 build
> next build

  Γû▓ Next.js 14.2.35
  - Environments: .env.local

   Creating an optimized production build ...
 Γ£ô Compiled successfully
   Linting and checking validity of types ...
node.exe : 
At line:1 char:1
+ & "C:\Program 
Files\nodejs/node.exe" 
"C:\Program 
Files\nodejs/node_mo ...
+ ~~~~~~~~~~~~~~~~~~~~~~~~~
~~~~~~~~~~~~~~~~~~~~~~~~~~~
~~~~~~~~~~~~~~~~~
    + CategoryInfo         
     : NotSpecified: (:St  
  ring) [], RemoteExcept   
 ion
    + FullyQualifiedErrorI 
   d : NativeCommandError
 
Failed to compile.

./src/app/api/posts/[id]/re
plies/route.ts
82:9  Error: 'postId' is 
assigned a value but never 
used.  @typescript-eslint/n
o-unused-vars

./src/app/layout.tsx
36:9  Warning: A 
font-display parameter is 
missing (adding 
`&display=optional` is 
recommended). See: https://
nextjs.org/docs/messages/go
ogle-font-display  @next/ne
xt/google-font-display
36:9  Warning: Custom 
fonts not added in 
`pages/_document.js` will 
only load for a single 
page. This is discouraged. 
See: https://nextjs.org/doc
s/messages/no-page-custom-f
ont  @next/next/no-page-cus
tom-font

./src/components/PostCard.t
sx
130:16  Error: 'err' is 
defined but never used.  @t
ypescript-eslint/no-unused-
vars

info  - Need to disable 
some ESLint rules? Learn 
more here: https://nextjs.o
rg/docs/basic-features/esli
nt#disabling-rules
